// Jest Snapshot v1, https://goo.gl/fbAQLP

exports[`renders components/actions/demo/basic.tsx correctly 1`] = `
<div
  class="ant-actions"
>
  <div
    class="ant-actions-list borderless"
  >
    <div
      class="ant-actions-list-item"
    >
      <div
        class="ant-actions-list-item-icon"
      >
        <span
          aria-label="redo"
          class="anticon anticon-redo"
          role="img"
        >
          <svg
            aria-hidden="true"
            data-icon="redo"
            fill="currentColor"
            focusable="false"
            height="1em"
            viewBox="64 64 896 896"
            width="1em"
          >
            <path
              d="M758.2 839.1C851.8 765.9 912 651.9 912 523.9 912 303 733.5 124.3 512.6 124 291.4 123.7 112 302.8 112 523.9c0 125.2 57.5 236.9 147.6 310.2 3.5 2.8 8.6 2.2 11.4-1.3l39.4-50.5c2.7-3.4 2.1-8.3-1.2-11.1-8.1-6.6-15.9-13.7-23.4-21.2a318.64 318.64 0 01-68.6-101.7C200.4 609 192 567.1 192 523.9s8.4-85.1 25.1-124.5c16.1-38.1 39.2-72.3 68.6-101.7 29.4-29.4 63.6-52.5 101.7-68.6C426.9 212.4 468.8 204 512 204s85.1 8.4 124.5 25.1c38.1 16.1 72.3 39.2 101.7 68.6 29.4 29.4 52.5 63.6 68.6 101.7 16.7 39.4 25.1 81.3 25.1 124.5s-8.4 85.1-25.1 124.5a318.64 318.64 0 01-68.6 101.7c-9.3 9.3-19.1 18-29.3 26L668.2 724a8 8 0 00-14.1 3l-39.6 162.2c-1.2 5 2.6 9.9 7.7 9.9l167 .8c6.7 0 10.5-7.7 6.3-12.9l-37.3-47.9z"
            />
          </svg>
        </span>
      </div>
    </div>
    <div
      class="ant-actions-list-item"
    >
      <div
        class="ant-actions-list-item-icon"
      >
        <span
          aria-label="copy"
          class="anticon anticon-copy"
          role="img"
        >
          <svg
            aria-hidden="true"
            data-icon="copy"
            fill="currentColor"
            focusable="false"
            height="1em"
            viewBox="64 64 896 896"
            width="1em"
          >
            <path
              d="M832 64H296c-4.4 0-8 3.6-8 8v56c0 4.4 3.6 8 8 8h496v688c0 4.4 3.6 8 8 8h56c4.4 0 8-3.6 8-8V96c0-17.7-14.3-32-32-32zM704 192H192c-17.7 0-32 14.3-32 32v530.7c0 8.5 3.4 16.6 9.4 22.6l173.3 173.3c2.2 2.2 4.7 4 7.4 5.5v1.9h4.2c3.5 1.3 7.2 2 11 2H704c17.7 0 32-14.3 32-32V224c0-17.7-14.3-32-32-32zM350 856.2L263.9 770H350v86.2zM664 888H414V746c0-22.1-17.9-40-40-40H232V264h432v624z"
            />
          </svg>
        </span>
      </div>
    </div>
  </div>
</div>
`;

exports[`renders components/actions/demo/sub.tsx correctly 1`] = `
<div
  class="ant-actions"
>
  <div
    class="ant-actions-list borderless"
  >
    <div
      class="ant-actions-list-item"
    >
      <div
        class="ant-actions-list-item-icon"
      >
        <span
          aria-label="redo"
          class="anticon anticon-redo"
          role="img"
        >
          <svg
            aria-hidden="true"
            data-icon="redo"
            fill="currentColor"
            focusable="false"
            height="1em"
            viewBox="64 64 896 896"
            width="1em"
          >
            <path
              d="M758.2 839.1C851.8 765.9 912 651.9 912 523.9 912 303 733.5 124.3 512.6 124 291.4 123.7 112 302.8 112 523.9c0 125.2 57.5 236.9 147.6 310.2 3.5 2.8 8.6 2.2 11.4-1.3l39.4-50.5c2.7-3.4 2.1-8.3-1.2-11.1-8.1-6.6-15.9-13.7-23.4-21.2a318.64 318.64 0 01-68.6-101.7C200.4 609 192 567.1 192 523.9s8.4-85.1 25.1-124.5c16.1-38.1 39.2-72.3 68.6-101.7 29.4-29.4 63.6-52.5 101.7-68.6C426.9 212.4 468.8 204 512 204s85.1 8.4 124.5 25.1c38.1 16.1 72.3 39.2 101.7 68.6 29.4 29.4 52.5 63.6 68.6 101.7 16.7 39.4 25.1 81.3 25.1 124.5s-8.4 85.1-25.1 124.5a318.64 318.64 0 01-68.6 101.7c-9.3 9.3-19.1 18-29.3 26L668.2 724a8 8 0 00-14.1 3l-39.6 162.2c-1.2 5 2.6 9.9 7.7 9.9l167 .8c6.7 0 10.5-7.7 6.3-12.9l-37.3-47.9z"
            />
          </svg>
        </span>
      </div>
    </div>
    <div
      class="ant-actions-list-item"
    >
      <div
        class="ant-actions-list-item-icon"
      >
        <span
          aria-label="copy"
          class="anticon anticon-copy"
          role="img"
        >
          <svg
            aria-hidden="true"
            data-icon="copy"
            fill="currentColor"
            focusable="false"
            height="1em"
            viewBox="64 64 896 896"
            width="1em"
          >
            <path
              d="M832 64H296c-4.4 0-8 3.6-8 8v56c0 4.4 3.6 8 8 8h496v688c0 4.4 3.6 8 8 8h56c4.4 0 8-3.6 8-8V96c0-17.7-14.3-32-32-32zM704 192H192c-17.7 0-32 14.3-32 32v530.7c0 8.5 3.4 16.6 9.4 22.6l173.3 173.3c2.2 2.2 4.7 4 7.4 5.5v1.9h4.2c3.5 1.3 7.2 2 11 2H704c17.7 0 32-14.3 32-32V224c0-17.7-14.3-32-32-32zM350 856.2L263.9 770H350v86.2zM664 888H414V746c0-22.1-17.9-40-40-40H232V264h432v624z"
            />
          </svg>
        </span>
      </div>
    </div>
    <div
      class="ant-dropdown-trigger ant-actions-list-item"
    >
      <div
        class="ant-actions-list-item-icon"
      >
        <span
          aria-label="ellipsis"
          class="anticon anticon-ellipsis"
          role="img"
        >
          <svg
            aria-hidden="true"
            data-icon="ellipsis"
            fill="currentColor"
            focusable="false"
            height="1em"
            viewBox="64 64 896 896"
            width="1em"
          >
            <path
              d="M176 511a56 56 0 10112 0 56 56 0 10-112 0zm280 0a56 56 0 10112 0 56 56 0 10-112 0zm280 0a56 56 0 10112 0 56 56 0 10-112 0z"
            />
          </svg>
        </span>
      </div>
    </div>
    <div
      class="ant-actions-list-item"
    >
      <div
        class="ant-actions-list-item-icon"
      >
        <span
          aria-label="reload"
          class="anticon anticon-reload"
          role="img"
        >
          <svg
            aria-hidden="true"
            data-icon="reload"
            fill="currentColor"
            focusable="false"
            height="1em"
            viewBox="64 64 896 896"
            width="1em"
          >
            <path
              d="M909.1 209.3l-56.4 44.1C775.8 155.1 656.2 92 521.9 92 290 92 102.3 279.5 102 511.5 101.7 743.7 289.8 932 521.9 932c181.3 0 335.8-115 394.6-276.1 1.5-4.2-.7-8.9-4.9-10.3l-56.7-19.5a8 8 0 00-10.1 4.8c-1.8 5-3.8 10-5.9 14.9-17.3 41-42.1 77.8-73.7 109.4A344.77 344.77 0 01655.9 829c-42.3 17.9-87.4 27-133.8 27-46.5 0-91.5-9.1-133.8-27A341.5 341.5 0 01279 755.2a342.16 342.16 0 01-73.7-109.4c-17.9-42.4-27-87.4-27-133.9s9.1-91.5 27-133.9c17.3-41 42.1-77.8 73.7-109.4 31.6-31.6 68.4-56.4 109.3-73.8 42.3-17.9 87.4-27 133.8-27 46.5 0 91.5 9.1 133.8 27a341.5 341.5 0 01109.3 73.8c9.9 9.9 19.2 20.4 27.8 31.4l-60.2 47a8 8 0 003 14.1l175.6 43c5 1.2 9.9-2.6 9.9-7.7l.8-180.9c-.1-6.6-7.8-10.3-13-6.2z"
            />
          </svg>
        </span>
      </div>
    </div>
  </div>
</div>
`;
